go: cannot find main module, but found .git/config in C:\Users\nehru\OneDrive\Devops\terraform-modules-1
	to create a module there, run:
	go mod init
